# 
# LINES STARTING WITH '#' ARE REGARDED AS COMMENTS
#
# TYPES:
# -----------------------
# INDESTRUCTABLE_BOX;X;Y;W;H;TEXTURE_PATH
# DESTRUCTABLE_BOX;X;Y;W;H;TEXTURE_PATH
#
#

# Start ground
INDESTRUCTABLE_BOX;0;728;40;40;brick.png
INDESTRUCTABLE_BOX;40;728;40;40;brick.png
INDESTRUCTABLE_BOX;80;728;40;40;brick.png
INDESTRUCTABLE_BOX;120;728;40;40;brick.png
INDESTRUCTABLE_BOX;160;728;40;40;brick.png
INDESTRUCTABLE_BOX;200;728;40;40;brick.png
INDESTRUCTABLE_BOX;240;728;40;40;brick.png
INDESTRUCTABLE_BOX;280;728;40;40;brick.png
INDESTRUCTABLE_BOX;320;728;40;40;brick.png
INDESTRUCTABLE_BOX;360;728;40;40;brick.png
INDESTRUCTABLE_BOX;400;728;40;40;brick.png
INDESTRUCTABLE_BOX;440;728;40;40;brick.png
INDESTRUCTABLE_BOX;480;728;40;40;brick.png
INDESTRUCTABLE_BOX;520;728;40;40;brick.png
INDESTRUCTABLE_BOX;560;728;40;40;brick.png
INDESTRUCTABLE_BOX;600;728;40;40;brick.png
INDESTRUCTABLE_BOX;640;728;40;40;brick.png
INDESTRUCTABLE_BOX;680;728;40;40;brick.png
INDESTRUCTABLE_BOX;720;728;40;40;brick.png
INDESTRUCTABLE_BOX;760;728;40;40;brick.png
INDESTRUCTABLE_BOX;880;728;40;40;brick.png
INDESTRUCTABLE_BOX;920;728;40;40;brick.png
INDESTRUCTABLE_BOX;960;728;40;40;brick.png
INDESTRUCTABLE_BOX;1000;728;40;40;brick.png

# FIRST AREA
DESTRUCTABLE_BOX;400;600;40;40;wood-box.png
DESTRUCTABLE_BOX;440;560;40;40;wood-box.png
DESTRUCTABLE_BOX;480;520;40;40;wood-box.png
DESTRUCTABLE_BOX;600;520;40;40;wood-box.png
DESTRUCTABLE_BOX;640;520;40;40;wood-box.png
DESTRUCTABLE_BOX;680;520;40;40;wood-box.png


DESTRUCTABLE_BOX;300;600;40;40;wood-box.png
DESTRUCTABLE_BOX;260;560;40;40;wood-box.png
DESTRUCTABLE_BOX;220;520;40;40;wood-box.png
DESTRUCTABLE_BOX;140;520;40;40;wood-box.png
DESTRUCTABLE_BOX;100;520;40;40;wood-box.png
DESTRUCTABLE_BOX;80;520;40;40;wood-box.png