# 
# LINES STARTING WITH '#' ARE REGARDED AS COMMENTS
#
# TYPES:
# -----------------------
# INDESTRUCTABLE_BOX;X;Y;W;H;TEXTURE_PATH
# DESTRUCTABLE_BOX;X;Y;W;H;TEXTURE_PATH
# OUTER_BOUNDS;TOP;BOTTOM;LEFT;RIGHT
#

# Start ground
INDESTRUCTABLE_BOX;0;728;40;40;brick.png
INDESTRUCTABLE_BOX;40;728;40;40;brick.png
INDESTRUCTABLE_BOX;80;728;40;40;brick.png
INDESTRUCTABLE_BOX;120;728;40;40;brick.png
INDESTRUCTABLE_BOX;160;728;40;40;brick.png
INDESTRUCTABLE_BOX;200;728;40;40;brick.png
INDESTRUCTABLE_BOX;240;728;40;40;brick.png
INDESTRUCTABLE_BOX;280;728;40;40;brick.png
INDESTRUCTABLE_BOX;320;728;40;40;brick.png
INDESTRUCTABLE_BOX;360;728;40;40;brick.png
INDESTRUCTABLE_BOX;400;728;40;40;brick.png
INDESTRUCTABLE_BOX;440;728;40;40;brick.png
INDESTRUCTABLE_BOX;480;728;40;40;brick.png
INDESTRUCTABLE_BOX;520;728;40;40;brick.png
INDESTRUCTABLE_BOX;560;728;40;40;brick.png
INDESTRUCTABLE_BOX;600;728;40;40;brick.png
INDESTRUCTABLE_BOX;640;728;40;40;brick.png
INDESTRUCTABLE_BOX;680;728;40;40;brick.png
INDESTRUCTABLE_BOX;720;728;40;40;brick.png
INDESTRUCTABLE_BOX;760;728;40;40;brick.png
INDESTRUCTABLE_BOX;880;728;40;40;brick.png
INDESTRUCTABLE_BOX;920;728;40;40;brick.png
INDESTRUCTABLE_BOX;960;728;40;40;brick.png
INDESTRUCTABLE_BOX;1000;728;40;40;brick.png
INDESTRUCTABLE_BOX;1040;728;40;40;brick.png
INDESTRUCTABLE_BOX;1080;728;40;40;brick.png
INDESTRUCTABLE_BOX;1120;728;40;40;brick.png
INDESTRUCTABLE_BOX;1160;728;40;40;brick.png
INDESTRUCTABLE_BOX;1200;728;40;40;brick.png
INDESTRUCTABLE_BOX;1240;728;40;40;brick.png
INDESTRUCTABLE_BOX;1280;728;40;40;brick.png
INDESTRUCTABLE_BOX;1320;728;40;40;brick.png
INDESTRUCTABLE_BOX;1360;728;40;40;brick.png
INDESTRUCTABLE_BOX;1400;728;40;40;brick.png
INDESTRUCTABLE_BOX;1440;728;40;40;brick.png
INDESTRUCTABLE_BOX;1480;728;40;40;brick.png
INDESTRUCTABLE_BOX;1520;728;40;40;brick.png
INDESTRUCTABLE_BOX;1560;728;40;40;brick.png
INDESTRUCTABLE_BOX;1600;728;40;40;brick.png
INDESTRUCTABLE_BOX;1640;728;40;40;brick.png
INDESTRUCTABLE_BOX;1680;728;40;40;brick.png
INDESTRUCTABLE_BOX;1720;728;40;40;brick.png
INDESTRUCTABLE_BOX;1760;728;40;40;brick.png
INDESTRUCTABLE_BOX;1800;728;40;40;brick.png
INDESTRUCTABLE_BOX;1840;728;40;40;brick.png
INDESTRUCTABLE_BOX;1880;728;40;40;brick.png
INDESTRUCTABLE_BOX;1920;728;40;40;brick.png
INDESTRUCTABLE_BOX;1960;728;40;40;brick.png
INDESTRUCTABLE_BOX;2000;728;40;40;brick.png
INDESTRUCTABLE_BOX;2040;728;40;40;brick.png

# FIRST AREA
#DESTRUCTABLE_BOX;400;600;40;40;wood-box.png
#DESTRUCTABLE_BOX;440;560;40;40;wood-box.png
#DESTRUCTABLE_BOX;480;520;40;40;wood-box.png
#DESTRUCTABLE_BOX;600;520;40;40;wood-box.png
#DESTRUCTABLE_BOX;640;520;40;40;wood-box.png
#DESTRUCTABLE_BOX;680;520;40;40;wood-box.png

#DESTRUCTABLE_BOX;300;600;40;40;wood-box.png
#DESTRUCTABLE_BOX;260;560;40;40;wood-box.png
#DESTRUCTABLE_BOX;220;520;40;40;wood-box.png
#DESTRUCTABLE_BOX;140;520;40;40;wood-box.png
#DESTRUCTABLE_BOX;100;520;40;40;wood-box.png
#DESTRUCTABLE_BOX;80;520;40;40;wood-box.png
DESTRUCTABLE_BOX;320;688;40;40;wood-box.png

OUTER_BOUNDS;0;768;0;2040